  cmdline.c
  hde64.c
  ldr.c
  strtoul.c
  u64tohex.c
  u64tostr.c
  ultohex.c
  ultostr.c
  windefend.c
  _filename.c
  _strcat.c
  _strcmp.c
  _strcmpi.c
  _strcpy.c
  _strend.c
  _strlen.c
  _strncmp.c
  _strncmpi.c
  _strncpy.c
  _strstri.c
  Gerando Código...
  Compilando...
  aic.c
  appinfo64.c
  appinfo32.c
  console.c
  fusutil.c
  main.c
  makecab.c
  compress.c
  antonioCoco.c
  api0cradle.c
  azagarampur.c
  dwells.c
  shellsup.c
  hakril.c
  hybrids.c
  comsup.c
  methods.c
  rinn.c
  tyranid.c
  wusa.c
  Gerando Código...
  Compilando...
  zcgonvh.c
  pcasvc7_64.c
  pcasvc7_32.c
  pcasvc64.c
  pcasvc32.c
  stub.c
  sup.c
  test.c
  Gerando Código...
  Using codepage 1252 as default
  Creating .\output\x64\Debug\Resource.res
  
  
  Resource.rc.
  Writing ICON:1,	lang:0x409,	size 7336
  Writing ICON:2,	lang:0x409,	size 3240
  Writing GROUP_ICON:104,	lang:0x409,	size 34.
  Writing VERSION:1,	lang:0x409,	size 752.
  Writing RCDATA:100,	lang:0x409,	size 0.
  Writing RCDATA:200,	lang:0x409,	size 0.
  Writing RCDATA:103,	lang:0x409,	size 0.
  Writing RCDATA:104,	lang:0x409,	size 0.
  Writing RCDATA:300,	lang:0x409,	size 0
  uacme.vcxproj -> C:\Users\tdeiv\Downloads\UACME-master\UACME-master\Source\Akagi\output\x64\Debug\Akagi.exe
